Component: ARM Compiler 5.06 update 7 (build 960) Tool: armlink [4d3601]

==============================================================================

Section Cross References

    system_py32f071.o(i.SystemCoreClockUpdate) refers to uidiv.o(.text) for __aeabi_uidivmod
    system_py32f071.o(i.SystemCoreClockUpdate) refers to system_py32f071.o(.data) for SystemCoreClock
    system_py32f071.o(i.SystemCoreClockUpdate) refers to system_py32f071.o(.constdata) for HSIFreqTable
    startup_py32f071xx.o(RESET) refers to startup_py32f071xx.o(STACK) for __initial_sp
    startup_py32f071xx.o(RESET) refers to startup_py32f071xx.o(.text) for Reset_Handler
    startup_py32f071xx.o(RESET) refers to py32f071_it.o(i.NMI_Handler) for NMI_Handler
    startup_py32f071xx.o(RESET) refers to py32f071_it.o(i.HardFault_Handler) for HardFault_Handler
    startup_py32f071xx.o(RESET) refers to py32f071_it.o(i.SVC_Handler) for SVC_Handler
    startup_py32f071xx.o(RESET) refers to py32f071_it.o(i.PendSV_Handler) for PendSV_Handler
    startup_py32f071xx.o(RESET) refers to py32f071_it.o(i.SysTick_Handler) for SysTick_Handler
    startup_py32f071xx.o(.text) refers to system_py32f071.o(i.SystemInit) for SystemInit
    startup_py32f071xx.o(.text) refers to entry.o(.ARM.Collect$$$$00000000) for __main
    main.o(i.APP_SystemClockConfig) refers to py32f071_ll_utils.o(i.LL_Init1msTick) for LL_Init1msTick
    main.o(i.APP_SystemClockConfig) refers to py32f071_ll_utils.o(i.LL_SetSystemCoreClock) for LL_SetSystemCoreClock
    main.o(i.main) refers to main.o(i.APP_SystemClockConfig) for APP_SystemClockConfig
    py32f071_ll_utils.o(i.LL_Init1msTick) refers to uidiv.o(.text) for __aeabi_uidivmod
    py32f071_ll_utils.o(i.LL_PLL_ConfigSystemClock_HSE) refers to py32f071_ll_utils.o(i.UTILS_PLL_IsBusy) for UTILS_PLL_IsBusy
    py32f071_ll_utils.o(i.LL_PLL_ConfigSystemClock_HSE) refers to py32f071_ll_utils.o(i.LL_RCC_HSE_IsReady) for LL_RCC_HSE_IsReady
    py32f071_ll_utils.o(i.LL_PLL_ConfigSystemClock_HSE) refers to py32f071_ll_utils.o(i.LL_RCC_HSE_SetFreqRegion) for LL_RCC_HSE_SetFreqRegion
    py32f071_ll_utils.o(i.LL_PLL_ConfigSystemClock_HSE) refers to py32f071_ll_utils.o(i.LL_RCC_PLL_SetMainSource) for LL_RCC_PLL_SetMainSource
    py32f071_ll_utils.o(i.LL_PLL_ConfigSystemClock_HSE) refers to py32f071_ll_utils.o(i.LL_RCC_PLL_SetMulFactor) for LL_RCC_PLL_SetMulFactor
    py32f071_ll_utils.o(i.LL_PLL_ConfigSystemClock_HSE) refers to py32f071_ll_utils.o(i.UTILS_EnablePLLAndSwitchSystem) for UTILS_EnablePLLAndSwitchSystem
    py32f071_ll_utils.o(i.LL_PLL_ConfigSystemClock_HSE) refers to py32f071_ll_utils.o(.constdata) for .constdata
    py32f071_ll_utils.o(i.LL_PLL_ConfigSystemClock_HSI) refers to py32f071_ll_utils.o(i.UTILS_PLL_IsBusy) for UTILS_PLL_IsBusy
    py32f071_ll_utils.o(i.LL_PLL_ConfigSystemClock_HSI) refers to py32f071_ll_utils.o(i.LL_RCC_HSI_GetFreq) for LL_RCC_HSI_GetFreq
    py32f071_ll_utils.o(i.LL_PLL_ConfigSystemClock_HSI) refers to py32f071_ll_utils.o(i.LL_RCC_HSI_IsReady) for LL_RCC_HSI_IsReady
    py32f071_ll_utils.o(i.LL_PLL_ConfigSystemClock_HSI) refers to py32f071_ll_utils.o(i.LL_RCC_PLL_SetMainSource) for LL_RCC_PLL_SetMainSource
    py32f071_ll_utils.o(i.LL_PLL_ConfigSystemClock_HSI) refers to py32f071_ll_utils.o(i.LL_RCC_PLL_SetMulFactor) for LL_RCC_PLL_SetMulFactor
    py32f071_ll_utils.o(i.LL_PLL_ConfigSystemClock_HSI) refers to py32f071_ll_utils.o(i.UTILS_EnablePLLAndSwitchSystem) for UTILS_EnablePLLAndSwitchSystem
    py32f071_ll_utils.o(i.LL_PLL_ConfigSystemClock_HSI) refers to py32f071_ll_utils.o(.constdata) for .constdata
    py32f071_ll_utils.o(i.LL_RCC_HSI_GetFreq) refers to system_py32f071.o(.constdata) for HSIFreqTable
    py32f071_ll_utils.o(i.LL_SetSystemCoreClock) refers to system_py32f071.o(.data) for SystemCoreClock
    py32f071_ll_utils.o(i.UTILS_EnablePLLAndSwitchSystem) refers to py32f071_ll_utils.o(i.LL_SetFlashLatency) for LL_SetFlashLatency
    py32f071_ll_utils.o(i.UTILS_EnablePLLAndSwitchSystem) refers to py32f071_ll_utils.o(i.LL_RCC_PLL_IsReady) for LL_RCC_PLL_IsReady
    py32f071_ll_utils.o(i.UTILS_EnablePLLAndSwitchSystem) refers to py32f071_ll_utils.o(i.LL_SetSystemCoreClock) for LL_SetSystemCoreClock
    py32f071_ll_utils.o(i.UTILS_EnablePLLAndSwitchSystem) refers to system_py32f071.o(.constdata) for AHBPrescTable
    py32f071_ll_utils.o(i.UTILS_EnablePLLAndSwitchSystem) refers to system_py32f071.o(.data) for SystemCoreClock
    py32f071_ll_utils.o(i.UTILS_PLL_IsBusy) refers to py32f071_ll_utils.o(i.LL_RCC_PLL_IsReady) for LL_RCC_PLL_IsReady
    entry.o(.ARM.Collect$$$$00000000) refers (Special) to entry10a.o(.ARM.Collect$$$$0000000F) for __rt_final_cpp
    entry.o(.ARM.Collect$$$$00000000) refers (Special) to entry11a.o(.ARM.Collect$$$$00000011) for __rt_final_exit
    entry.o(.ARM.Collect$$$$00000000) refers (Special) to entry12b.o(.ARM.Collect$$$$0000000E) for __rt_lib_shutdown_fini
    entry.o(.ARM.Collect$$$$00000000) refers (Special) to entry7b.o(.ARM.Collect$$$$00000008) for _main_clock
    entry.o(.ARM.Collect$$$$00000000) refers (Special) to entry8b.o(.ARM.Collect$$$$0000000A) for _main_cpp_init
    entry.o(.ARM.Collect$$$$00000000) refers (Special) to entry9a.o(.ARM.Collect$$$$0000000B) for _main_init
    entry.o(.ARM.Collect$$$$00000000) refers (Special) to entry5.o(.ARM.Collect$$$$00000004) for _main_scatterload
    entry.o(.ARM.Collect$$$$00000000) refers (Special) to entry2.o(.ARM.Collect$$$$00000001) for _main_stk
    entry2.o(.ARM.Collect$$$$00000001) refers to entry2.o(.ARM.Collect$$$$00002712) for __lit__00000000
    entry2.o(.ARM.Collect$$$$00002712) refers to startup_py32f071xx.o(STACK) for __initial_sp
    entry2.o(__vectab_stack_and_reset_area) refers to startup_py32f071xx.o(STACK) for __initial_sp
    entry2.o(__vectab_stack_and_reset_area) refers to entry.o(.ARM.Collect$$$$00000000) for __main
    entry5.o(.ARM.Collect$$$$00000004) refers to init.o(.text) for __scatterload
    entry9a.o(.ARM.Collect$$$$0000000B) refers to main.o(i.main) for main
    entry9b.o(.ARM.Collect$$$$0000000C) refers to main.o(i.main) for main
    init.o(.text) refers to entry5.o(.ARM.Collect$$$$00000004) for __main_after_scatterload


==============================================================================

Removing Unused input sections from the image.

    Removing system_py32f071.o(.rev16_text), (4 bytes).
    Removing system_py32f071.o(.revsh_text), (4 bytes).
    Removing system_py32f071.o(i.SystemCoreClockUpdate), (236 bytes).
    Removing system_py32f071.o(.constdata), (128 bytes).
    Removing startup_py32f071xx.o(HEAP), (512 bytes).
    Removing main.o(.rev16_text), (4 bytes).
    Removing main.o(.revsh_text), (4 bytes).
    Removing main.o(i.APP_ErrorHandler), (4 bytes).
    Removing main.o(.constdata), (7 bytes).
    Removing py32f071_it.o(.rev16_text), (4 bytes).
    Removing py32f071_it.o(.revsh_text), (4 bytes).
    Removing py32f071_it.o(.constdata), (7 bytes).
    Removing py32f071_ll_utils.o(.rev16_text), (4 bytes).
    Removing py32f071_ll_utils.o(.revsh_text), (4 bytes).
    Removing py32f071_ll_utils.o(i.LL_PLL_ConfigSystemClock_HSE), (240 bytes).
    Removing py32f071_ll_utils.o(i.LL_PLL_ConfigSystemClock_HSI), (168 bytes).
    Removing py32f071_ll_utils.o(i.LL_RCC_HSE_IsReady), (20 bytes).
    Removing py32f071_ll_utils.o(i.LL_RCC_HSE_SetFreqRegion), (20 bytes).
    Removing py32f071_ll_utils.o(i.LL_RCC_HSI_GetFreq), (28 bytes).
    Removing py32f071_ll_utils.o(i.LL_RCC_HSI_IsReady), (20 bytes).
    Removing py32f071_ll_utils.o(i.LL_RCC_PLL_IsReady), (20 bytes).
    Removing py32f071_ll_utils.o(i.LL_RCC_PLL_SetMainSource), (20 bytes).
    Removing py32f071_ll_utils.o(i.LL_RCC_PLL_SetMulFactor), (20 bytes).
    Removing py32f071_ll_utils.o(i.LL_SetFlashLatency), (116 bytes).
    Removing py32f071_ll_utils.o(i.LL_mDelay), (52 bytes).
    Removing py32f071_ll_utils.o(i.UTILS_EnablePLLAndSwitchSystem), (200 bytes).
    Removing py32f071_ll_utils.o(i.UTILS_PLL_IsBusy), (18 bytes).
    Removing py32f071_ll_utils.o(.constdata), (24 bytes).

28 unused section(s) (total 1892 bytes) removed from the image.

==============================================================================

Image Symbol Table

    Local Symbols

    Symbol Name                              Value     Ov Type        Size  Object(Section)

    ../clib/microlib/division.c              0x00000000   Number         0  uidiv.o ABSOLUTE
    ../clib/microlib/init/entry.s            0x00000000   Number         0  entry5.o ABSOLUTE
    ../clib/microlib/init/entry.s            0x00000000   Number         0  entry7a.o ABSOLUTE
    ../clib/microlib/init/entry.s            0x00000000   Number         0  entry8a.o ABSOLUTE
    ../clib/microlib/init/entry.s            0x00000000   Number         0  entry8b.o ABSOLUTE
    ../clib/microlib/init/entry.s            0x00000000   Number         0  entry9a.o ABSOLUTE
    ../clib/microlib/init/entry.s            0x00000000   Number         0  entry9b.o ABSOLUTE
    ../clib/microlib/init/entry.s            0x00000000   Number         0  entry10a.o ABSOLUTE
    ../clib/microlib/init/entry.s            0x00000000   Number         0  entry7b.o ABSOLUTE
    ../clib/microlib/init/entry.s            0x00000000   Number         0  entry2.o ABSOLUTE
    ../clib/microlib/init/entry.s            0x00000000   Number         0  entry10b.o ABSOLUTE
    ../clib/microlib/init/entry.s            0x00000000   Number         0  entry.o ABSOLUTE
    ../clib/microlib/init/entry.s            0x00000000   Number         0  entry11a.o ABSOLUTE
    ../clib/microlib/init/entry.s            0x00000000   Number         0  entry11b.o ABSOLUTE
    ../clib/microlib/init/entry.s            0x00000000   Number         0  entry12a.o ABSOLUTE
    ../clib/microlib/init/entry.s            0x00000000   Number         0  entry12b.o ABSOLUTE
    ..\..\PY32F071_Firmware_V1.1.0\Drivers\PY32F071_HAL_Driver\Src\py32f071_ll_utils.c 0x00000000   Number         0  py32f071_ll_utils.o ABSOLUTE
    ..\Src\main.c                            0x00000000   Number         0  main.o ABSOLUTE
    ..\Src\py32f071_it.c                     0x00000000   Number         0  py32f071_it.o ABSOLUTE
    ..\Src\system_py32f071.c                 0x00000000   Number         0  system_py32f071.o ABSOLUTE
    ..\\..\\PY32F071_Firmware_V1.1.0\\Drivers\\PY32F071_HAL_Driver\\Src\\py32f071_ll_utils.c 0x00000000   Number         0  py32f071_ll_utils.o ABSOLUTE
    ..\\Src\\main.c                          0x00000000   Number         0  main.o ABSOLUTE
    ..\\Src\\py32f071_it.c                   0x00000000   Number         0  py32f071_it.o ABSOLUTE
    ..\\Src\\system_py32f071.c               0x00000000   Number         0  system_py32f071.o ABSOLUTE
    dc.s                                     0x00000000   Number         0  dc.o ABSOLUTE
    handlers.s                               0x00000000   Number         0  handlers.o ABSOLUTE
    init.s                                   0x00000000   Number         0  init.o ABSOLUTE
    startup_py32f071xx.s                     0x00000000   Number         0  startup_py32f071xx.o ABSOLUTE
    RESET                                    0x08000000   Section      192  startup_py32f071xx.o(RESET)
    .ARM.Collect$$$$00000000                 0x080000c0   Section        0  entry.o(.ARM.Collect$$$$00000000)
    .ARM.Collect$$$$00000001                 0x080000c0   Section        4  entry2.o(.ARM.Collect$$$$00000001)
    .ARM.Collect$$$$00000004                 0x080000c4   Section        4  entry5.o(.ARM.Collect$$$$00000004)
    .ARM.Collect$$$$00000008                 0x080000c8   Section        0  entry7b.o(.ARM.Collect$$$$00000008)
    .ARM.Collect$$$$0000000A                 0x080000c8   Section        0  entry8b.o(.ARM.Collect$$$$0000000A)
    .ARM.Collect$$$$0000000B                 0x080000c8   Section        8  entry9a.o(.ARM.Collect$$$$0000000B)
    .ARM.Collect$$$$0000000E                 0x080000d0   Section        4  entry12b.o(.ARM.Collect$$$$0000000E)
    .ARM.Collect$$$$0000000F                 0x080000d4   Section        0  entry10a.o(.ARM.Collect$$$$0000000F)
    .ARM.Collect$$$$00000011                 0x080000d4   Section        0  entry11a.o(.ARM.Collect$$$$00000011)
    .ARM.Collect$$$$00002712                 0x080000d4   Section        4  entry2.o(.ARM.Collect$$$$00002712)
    __lit__00000000                          0x080000d4   Data           4  entry2.o(.ARM.Collect$$$$00002712)
    .text                                    0x080000d8   Section       28  startup_py32f071xx.o(.text)
    .text                                    0x080000f4   Section        0  uidiv.o(.text)
    .text                                    0x08000120   Section       36  init.o(.text)
    i.APP_SystemClockConfig                  0x08000144   Section        0  main.o(i.APP_SystemClockConfig)
    APP_SystemClockConfig                    0x08000145   Thumb Code   126  main.o(i.APP_SystemClockConfig)
    i.HardFault_Handler                      0x080001cc   Section        0  py32f071_it.o(i.HardFault_Handler)
    i.LL_Init1msTick                         0x080001d0   Section        0  py32f071_ll_utils.o(i.LL_Init1msTick)
    i.LL_SetSystemCoreClock                  0x080001f8   Section        0  py32f071_ll_utils.o(i.LL_SetSystemCoreClock)
    i.NMI_Handler                            0x08000204   Section        0  py32f071_it.o(i.NMI_Handler)
    i.PendSV_Handler                         0x08000206   Section        0  py32f071_it.o(i.PendSV_Handler)
    i.SVC_Handler                            0x08000208   Section        0  py32f071_it.o(i.SVC_Handler)
    i.SysTick_Handler                        0x0800020a   Section        0  py32f071_it.o(i.SysTick_Handler)
    i.SystemInit                             0x0800020c   Section        0  system_py32f071.o(i.SystemInit)
    i.__scatterload_copy                     0x08000248   Section       14  handlers.o(i.__scatterload_copy)
    i.__scatterload_null                     0x08000256   Section        2  handlers.o(i.__scatterload_null)
    i.__scatterload_zeroinit                 0x08000258   Section       14  handlers.o(i.__scatterload_zeroinit)
    i.main                                   0x08000268   Section        0  main.o(i.main)
    .data                                    0x20000000   Section        4  system_py32f071.o(.data)
    STACK                                    0x20000008   Section     1024  startup_py32f071xx.o(STACK)

    Global Symbols

    Symbol Name                              Value     Ov Type        Size  Object(Section)

    BuildAttributes$$THM_ISAv3M$S$PE$A:L22$X:L11$S22$IEEE1$IW$USESV6$~STKCKD$USESV7$~SHL$OSPACE$EBA8$MICROLIB$REQ8$PRES8$EABIv2 0x00000000   Number         0  anon$$obj.o ABSOLUTE
    __ARM_use_no_argv                        0x00000000   Number         0  main.o ABSOLUTE
    __arm_fini_                               - Undefined Weak Reference
    __cpp_initialize__aeabi_                  - Undefined Weak Reference
    __cxa_finalize                            - Undefined Weak Reference
    __decompress                              - Undefined Weak Reference
    _clock_init                               - Undefined Weak Reference
    _microlib_exit                            - Undefined Weak Reference
    __Vectors_Size                           0x000000c0   Number         0  startup_py32f071xx.o ABSOLUTE
    __Vectors                                0x08000000   Data           4  startup_py32f071xx.o(RESET)
    __Vectors_End                            0x080000c0   Data           0  startup_py32f071xx.o(RESET)
    __main                                   0x080000c1   Thumb Code     0  entry.o(.ARM.Collect$$$$00000000)
    _main_stk                                0x080000c1   Thumb Code     0  entry2.o(.ARM.Collect$$$$00000001)
    _main_scatterload                        0x080000c5   Thumb Code     0  entry5.o(.ARM.Collect$$$$00000004)
    __main_after_scatterload                 0x080000c9   Thumb Code     0  entry5.o(.ARM.Collect$$$$00000004)
    _main_clock                              0x080000c9   Thumb Code     0  entry7b.o(.ARM.Collect$$$$00000008)
    _main_cpp_init                           0x080000c9   Thumb Code     0  entry8b.o(.ARM.Collect$$$$0000000A)
    _main_init                               0x080000c9   Thumb Code     0  entry9a.o(.ARM.Collect$$$$0000000B)
    __rt_lib_shutdown_fini                   0x080000d1   Thumb Code     0  entry12b.o(.ARM.Collect$$$$0000000E)
    __rt_final_cpp                           0x080000d5   Thumb Code     0  entry10a.o(.ARM.Collect$$$$0000000F)
    __rt_final_exit                          0x080000d5   Thumb Code     0  entry11a.o(.ARM.Collect$$$$00000011)
    Reset_Handler                            0x080000d9   Thumb Code     8  startup_py32f071xx.o(.text)
    ADC_COMP_IRQHandler                      0x080000eb   Thumb Code     0  startup_py32f071xx.o(.text)
    DMA1_Channel1_IRQHandler                 0x080000eb   Thumb Code     0  startup_py32f071xx.o(.text)
    DMA1_Channel2_3_IRQHandler               0x080000eb   Thumb Code     0  startup_py32f071xx.o(.text)
    DMA1_Channel4_5_6_7_IRQHandler           0x080000eb   Thumb Code     0  startup_py32f071xx.o(.text)
    EXTI0_1_IRQHandler                       0x080000eb   Thumb Code     0  startup_py32f071xx.o(.text)
    EXTI2_3_IRQHandler                       0x080000eb   Thumb Code     0  startup_py32f071xx.o(.text)
    EXTI4_15_IRQHandler                      0x080000eb   Thumb Code     0  startup_py32f071xx.o(.text)
    FLASH_IRQHandler                         0x080000eb   Thumb Code     0  startup_py32f071xx.o(.text)
    I2C1_IRQHandler                          0x080000eb   Thumb Code     0  startup_py32f071xx.o(.text)
    I2C2_IRQHandler                          0x080000eb   Thumb Code     0  startup_py32f071xx.o(.text)
    LCD_IRQHandler                           0x080000eb   Thumb Code     0  startup_py32f071xx.o(.text)
    PVD_IRQHandler                           0x080000eb   Thumb Code     0  startup_py32f071xx.o(.text)
    RCC_IRQHandler                           0x080000eb   Thumb Code     0  startup_py32f071xx.o(.text)
    RTC_IRQHandler                           0x080000eb   Thumb Code     0  startup_py32f071xx.o(.text)
    SPI1_IRQHandler                          0x080000eb   Thumb Code     0  startup_py32f071xx.o(.text)
    SPI2_IRQHandler                          0x080000eb   Thumb Code     0  startup_py32f071xx.o(.text)
    TIM14_IRQHandler                         0x080000eb   Thumb Code     0  startup_py32f071xx.o(.text)
    TIM15_IRQHandler                         0x080000eb   Thumb Code     0  startup_py32f071xx.o(.text)
    TIM16_IRQHandler                         0x080000eb   Thumb Code     0  startup_py32f071xx.o(.text)
    TIM17_IRQHandler                         0x080000eb   Thumb Code     0  startup_py32f071xx.o(.text)
    TIM1_BRK_UP_TRG_COM_IRQHandler           0x080000eb   Thumb Code     0  startup_py32f071xx.o(.text)
    TIM1_CC_IRQHandler                       0x080000eb   Thumb Code     0  startup_py32f071xx.o(.text)
    TIM2_IRQHandler                          0x080000eb   Thumb Code     0  startup_py32f071xx.o(.text)
    TIM3_IRQHandler                          0x080000eb   Thumb Code     0  startup_py32f071xx.o(.text)
    TIM6_LPTIM1_DAC_IRQHandler               0x080000eb   Thumb Code     0  startup_py32f071xx.o(.text)
    TIM7_IRQHandler                          0x080000eb   Thumb Code     0  startup_py32f071xx.o(.text)
    USART1_IRQHandler                        0x080000eb   Thumb Code     0  startup_py32f071xx.o(.text)
    USART2_IRQHandler                        0x080000eb   Thumb Code     0  startup_py32f071xx.o(.text)
    USART3_4_IRQHandler                      0x080000eb   Thumb Code     0  startup_py32f071xx.o(.text)
    USB_IRQHandler                           0x080000eb   Thumb Code     0  startup_py32f071xx.o(.text)
    WWDG_IRQHandler                          0x080000eb   Thumb Code     0  startup_py32f071xx.o(.text)
    __aeabi_uidiv                            0x080000f5   Thumb Code     0  uidiv.o(.text)
    __aeabi_uidivmod                         0x080000f5   Thumb Code    44  uidiv.o(.text)
    __scatterload                            0x08000121   Thumb Code    28  init.o(.text)
    __scatterload_rt2                        0x08000121   Thumb Code     0  init.o(.text)
    HardFault_Handler                        0x080001cd   Thumb Code     4  py32f071_it.o(i.HardFault_Handler)
    LL_Init1msTick                           0x080001d1   Thumb Code    34  py32f071_ll_utils.o(i.LL_Init1msTick)
    LL_SetSystemCoreClock                    0x080001f9   Thumb Code     6  py32f071_ll_utils.o(i.LL_SetSystemCoreClock)
    NMI_Handler                              0x08000205   Thumb Code     2  py32f071_it.o(i.NMI_Handler)
    PendSV_Handler                           0x08000207   Thumb Code     2  py32f071_it.o(i.PendSV_Handler)
    SVC_Handler                              0x08000209   Thumb Code     2  py32f071_it.o(i.SVC_Handler)
    SysTick_Handler                          0x0800020b   Thumb Code     2  py32f071_it.o(i.SysTick_Handler)
    SystemInit                               0x0800020d   Thumb Code    42  system_py32f071.o(i.SystemInit)
    __scatterload_copy                       0x08000249   Thumb Code    14  handlers.o(i.__scatterload_copy)
    __scatterload_null                       0x08000257   Thumb Code     2  handlers.o(i.__scatterload_null)
    __scatterload_zeroinit                   0x08000259   Thumb Code    14  handlers.o(i.__scatterload_zeroinit)
    main                                     0x08000269   Thumb Code    62  main.o(i.main)
    Region$$Table$$Base                      0x080002ac   Number         0  anon$$obj.o(Region$$Table)
    Region$$Table$$Limit                     0x080002cc   Number         0  anon$$obj.o(Region$$Table)
    SystemCoreClock                          0x20000000   Data           4  system_py32f071.o(.data)
    __initial_sp                             0x20000408   Data           0  startup_py32f071xx.o(STACK)



==============================================================================

Memory Map of the image

  Image Entry point : 0x080000c1

  Load Region LR_IROM1 (Base: 0x08000000, Size: 0x000002d0, Max: 0x00020000, ABSOLUTE)

    Execution Region ER_IROM1 (Exec base: 0x08000000, Load base: 0x08000000, Size: 0x000002cc, Max: 0x00020000, ABSOLUTE)

    Exec Addr    Load Addr    Size         Type   Attr      Idx    E Section Name        Object

    0x08000000   0x08000000   0x000000c0   Data   RO           60    RESET               startup_py32f071xx.o
    0x080000c0   0x080000c0   0x00000000   Code   RO          289  * .ARM.Collect$$$$00000000  mc_p.l(entry.o)
    0x080000c0   0x080000c0   0x00000004   Code   RO          294    .ARM.Collect$$$$00000001  mc_p.l(entry2.o)
    0x080000c4   0x080000c4   0x00000004   Code   RO          297    .ARM.Collect$$$$00000004  mc_p.l(entry5.o)
    0x080000c8   0x080000c8   0x00000000   Code   RO          299    .ARM.Collect$$$$00000008  mc_p.l(entry7b.o)
    0x080000c8   0x080000c8   0x00000000   Code   RO          301    .ARM.Collect$$$$0000000A  mc_p.l(entry8b.o)
    0x080000c8   0x080000c8   0x00000008   Code   RO          302    .ARM.Collect$$$$0000000B  mc_p.l(entry9a.o)
    0x080000d0   0x080000d0   0x00000004   Code   RO          309    .ARM.Collect$$$$0000000E  mc_p.l(entry12b.o)
    0x080000d4   0x080000d4   0x00000000   Code   RO          304    .ARM.Collect$$$$0000000F  mc_p.l(entry10a.o)
    0x080000d4   0x080000d4   0x00000000   Code   RO          306    .ARM.Collect$$$$00000011  mc_p.l(entry11a.o)
    0x080000d4   0x080000d4   0x00000004   Code   RO          295    .ARM.Collect$$$$00002712  mc_p.l(entry2.o)
    0x080000d8   0x080000d8   0x0000001c   Code   RO           61    .text               startup_py32f071xx.o
    0x080000f4   0x080000f4   0x0000002c   Code   RO          292    .text               mc_p.l(uidiv.o)
    0x08000120   0x08000120   0x00000024   Code   RO          310    .text               mc_p.l(init.o)
    0x08000144   0x08000144   0x00000088   Code   RO           68    i.APP_SystemClockConfig  main.o
    0x080001cc   0x080001cc   0x00000004   Code   RO          131    i.HardFault_Handler  py32f071_it.o
    0x080001d0   0x080001d0   0x00000028   Code   RO          186    i.LL_Init1msTick    py32f071_ll_utils.o
    0x080001f8   0x080001f8   0x0000000c   Code   RO          197    i.LL_SetSystemCoreClock  py32f071_ll_utils.o
    0x08000204   0x08000204   0x00000002   Code   RO          132    i.NMI_Handler       py32f071_it.o
    0x08000206   0x08000206   0x00000002   Code   RO          133    i.PendSV_Handler    py32f071_it.o
    0x08000208   0x08000208   0x00000002   Code   RO          134    i.SVC_Handler       py32f071_it.o
    0x0800020a   0x0800020a   0x00000002   Code   RO          135    i.SysTick_Handler   py32f071_it.o
    0x0800020c   0x0800020c   0x0000003c   Code   RO            4    i.SystemInit        system_py32f071.o
    0x08000248   0x08000248   0x0000000e   Code   RO          314    i.__scatterload_copy  mc_p.l(handlers.o)
    0x08000256   0x08000256   0x00000002   Code   RO          315    i.__scatterload_null  mc_p.l(handlers.o)
    0x08000258   0x08000258   0x0000000e   Code   RO          316    i.__scatterload_zeroinit  mc_p.l(handlers.o)
    0x08000266   0x08000266   0x00000002   PAD
    0x08000268   0x08000268   0x00000044   Code   RO           69    i.main              main.o
    0x080002ac   0x080002ac   0x00000020   Data   RO          312    Region$$Table       anon$$obj.o


    Execution Region RW_IRAM1 (Exec base: 0x20000000, Load base: 0x080002cc, Size: 0x00000408, Max: 0x00004000, ABSOLUTE)

    Exec Addr    Load Addr    Size         Type   Attr      Idx    E Section Name        Object

    0x20000000   0x080002cc   0x00000004   Data   RW            6    .data               system_py32f071.o
    0x20000004   0x080002d0   0x00000004   PAD
    0x20000008        -       0x00000400   Zero   RW           58    STACK               startup_py32f071xx.o


==============================================================================

Image component sizes


      Code (inc. data)   RO Data    RW Data    ZI Data      Debug   Object Name

       204         16          0          0          0      18059   main.o
        12          0          0          0          0       2059   py32f071_it.o
        52         12          0          0          0       2485   py32f071_ll_utils.o
        28          8        192          0       1024        600   startup_py32f071xx.o
        60         18          0          4          0       5856   system_py32f071.o

    ----------------------------------------------------------------------
       356         54        224          4       1028      29059   Object Totals
         0          0         32          0          0          0   (incl. Generated)
         0          0          0          0          4          0   (incl. Padding)

    ----------------------------------------------------------------------

      Code (inc. data)   RO Data    RW Data    ZI Data      Debug   Library Member Name

         0          0          0          0          0          0   entry.o
         0          0          0          0          0          0   entry10a.o
         0          0          0          0          0          0   entry11a.o
         4          0          0          0          0          0   entry12b.o
         8          4          0          0          0          0   entry2.o
         4          0          0          0          0          0   entry5.o
         0          0          0          0          0          0   entry7b.o
         0          0          0          0          0          0   entry8b.o
         8          4          0          0          0          0   entry9a.o
        30          0          0          0          0          0   handlers.o
        36          8          0          0          0         68   init.o
        44          0          0          0          0         72   uidiv.o

    ----------------------------------------------------------------------
       136         16          0          0          0        140   Library Totals
         2          0          0          0          0          0   (incl. Padding)

    ----------------------------------------------------------------------

      Code (inc. data)   RO Data    RW Data    ZI Data      Debug   Library Name

       134         16          0          0          0        140   mc_p.l

    ----------------------------------------------------------------------
       136         16          0          0          0        140   Library Totals

    ----------------------------------------------------------------------

==============================================================================


      Code (inc. data)   RO Data    RW Data    ZI Data      Debug   

       492         70        224          4       1028      29043   Grand Totals
       492         70        224          4       1028      29043   ELF Image Totals
       492         70        224          4          0          0   ROM Totals

==============================================================================

    Total RO  Size (Code + RO Data)                  716 (   0.70kB)
    Total RW  Size (RW Data + ZI Data)              1032 (   1.01kB)
    Total ROM Size (Code + RO Data + RW Data)        720 (   0.70kB)

==============================================================================

